kubectl get -n kafka bindings

kubectl get -n kafka componentstatuses
NAME                 AGE
controller-manager   <unknown>
scheduler            <unknown>
etcd-0               <unknown>

kubectl get -n kafka configmaps

kubectl get -n kafka endpoints

kubectl get -n kafka events
LAST SEEN   TYPE     REASON                OBJECT                                                   MESSAGE
<unknown>   Normal   Scheduled             pod/strimzi-cluster-operator-v0.18.0-99fc5c9f5-zsrx8     Successfully assigned kafka/strimzi-cluster-operator-v0.18.0-99fc5c9f5-zsrx8 to 10.0.128.237
3m14s       Normal   Pulled                pod/strimzi-cluster-operator-v0.18.0-99fc5c9f5-zsrx8     Container image "10.0.129.0:60080/3rdparty/strimzi/operator@sha256:2857eec4b4c5eca0fbe342fa37497dcc9eee6fdbc06db53910c92136176ed34d" already present on machine
3m14s       Normal   Created               pod/strimzi-cluster-operator-v0.18.0-99fc5c9f5-zsrx8     Created container strimzi-cluster-operator
3m14s       Normal   Started               pod/strimzi-cluster-operator-v0.18.0-99fc5c9f5-zsrx8     Started container strimzi-cluster-operator
3m15s       Normal   SuccessfulCreate      replicaset/strimzi-cluster-operator-v0.18.0-99fc5c9f5    Created pod: strimzi-cluster-operator-v0.18.0-99fc5c9f5-zsrx8
3m15s       Normal   ScalingReplicaSet     deployment/strimzi-cluster-operator-v0.18.0              Scaled up replica set strimzi-cluster-operator-v0.18.0-99fc5c9f5 to 1
3m19s       Normal   RequirementsUnknown   clusterserviceversion/strimzi-cluster-operator.v0.18.0   requirements not yet checked
3m19s       Normal   RequirementsNotMet    clusterserviceversion/strimzi-cluster-operator.v0.18.0   one or more requirements couldn't be found
3m15s       Normal   AllRequirementsMet    clusterserviceversion/strimzi-cluster-operator.v0.18.0   all requirements found, attempting install
3m15s       Normal   InstallSucceeded      clusterserviceversion/strimzi-cluster-operator.v0.18.0   waiting for install components to report healthy
3m15s       Normal   InstallWaiting        clusterserviceversion/strimzi-cluster-operator.v0.18.0   installing: waiting for deployment strimzi-cluster-operator-v0.18.0 to become ready: Waiting for deployment spec update to be observed...
3m15s       Normal   InstallWaiting        clusterserviceversion/strimzi-cluster-operator.v0.18.0   installing: waiting for deployment strimzi-cluster-operator-v0.18.0 to become ready: Waiting for rollout to finish: 0 out of 1 new replicas have been updated...
3m14s       Normal   InstallWaiting        clusterserviceversion/strimzi-cluster-operator.v0.18.0   installing: waiting for deployment strimzi-cluster-operator-v0.18.0 to become ready: Waiting for rollout to finish: 0 of 1 updated replicas are available...
2m47s       Normal   InstallSucceeded      clusterserviceversion/strimzi-cluster-operator.v0.18.0   install strategy completed with no errors

kubectl get -n kafka limitranges

kubectl get -n kafka namespaces
NAME                 STATUS   AGE
cert-manager         Active   48d
cpaas-system         Active   48d
default              Active   48d
fzz                  Active   35d
haoli                Active   26d
haoli-test           Active   26d
hchan                Active   25d
joe                  Active   47d
jwx-mongo            Active   3d23h
jwxiong              Active   13d
jwxiong-mongo        Active   3d23h
kafka                Active   4m2s
kube-node-lease      Active   48d
kube-public          Active   48d
kube-system          Active   48d
local-path-storage   Active   41d
minio                Active   3d20h
mysql                Active   17h
operators            Active   20d
pg                   Active   25d
redis                Active   25d
rook-ceph            Active   48d
tke                  Active   48d
yqhou                Active   38d
zlc                  Active   43d
zlc-global           Active   17d
zxl                  Active   33d
zxl-mongodb          Active   13d

kubectl get -n kafka nodes
NAME           STATUS   ROLES    AGE   VERSION
10.0.128.237   Ready    master   48d   v1.16.9
10.0.128.64    Ready    master   48d   v1.16.9
10.0.129.171   Ready    master   48d   v1.16.9

kubectl get -n kafka persistentvolumeclaims

kubectl get -n kafka persistentvolumes
NAME                                       CAPACITY   ACCESS MODES   RECLAIM POLICY   STATUS   CLAIM                                                                         STORAGECLASS   REASON   AGE
alertmanager-pv-0                          5Gi        RWO            Retain           Bound    cpaas-system/alertmanager-kube-prometheus-db-alertmanager-kube-prometheus-0                           48d
kube-prometheus-grafana                    5Gi        RWO            Retain           Bound    cpaas-system/kube-prometheus-grafana                                                                  48d
prometheus-pv-0                            30Gi       RWO            Retain           Bound    cpaas-system/prometheus-kube-prometheus-0-db-prometheus-kube-prometheus-0-0                           48d
pvc-016e5951-2d43-4f55-9e8c-92a79ecf406a   3Gi        RWO            Delete           Bound    zxl-mongodb/mongod-data-m1-rs0-1                                              local-path              23h
pvc-0934c852-319d-4b3e-894f-71ea12f56483   1Gi        RWO            Delete           Bound    redis/redis-cluster-demo-slave-redis-cluster-demo-slave-1                     local-path              2d16h
pvc-0c6138b4-52db-4eeb-bc7e-3ac58a3b3549   10Gi       RWO            Delete           Bound    yqhou/persistence-sample205-rabbitmq-server-0                                 intceph                 24d
pvc-0c615c9b-2ad3-4bc0-b46a-7891d35fe441   1Gi        RWO            Delete           Bound    redis/redis-cluster-demo-slave-redis-cluster-demo-slave-2                     local-path              2d16h
pvc-13097386-4fb9-4171-b88e-3eb43eaa4a2c   6Gi        RWO            Delete           Bound    haoli/datadir-cluster1-pxc-1                                                  local-path              14d
pvc-1c069311-6a4f-4290-bb25-303730316b66   1Gi        RWO            Delete           Bound    yqhou/ppp                                                                     intceph                 24d
pvc-24d3affd-821f-485a-9ce8-24e166af86f2   2Gi        RWO            Delete           Bound    haoli/proxydata-doc-test-proxysql-2                                           local-path              19d
pvc-2e43af44-7595-4503-9211-7e1e29a3df0d   2Gi        RWO            Delete           Bound    haoli/proxydata-doc-test-proxysql-0                                           local-path              19d
pvc-3c812793-f6f4-41aa-8101-f9d0fe5294bb   6Gi        RWO            Delete           Bound    haoli/datadir-doc-test-pxc-1                                                  local-path              19d
pvc-3c99d0b3-ef6d-4f15-8e89-0ed0b67565ba   1Gi        RWO            Delete           Bound    jwxiong/mongod-data-jw-mongo-rs0-1                                            local-path              2d23h
pvc-3d9b08ce-5246-4090-95ed-f5091f9dd26f   6Gi        RWO            Delete           Bound    tke/datadir-cluster1-pxc-0                                                    local-path              19d
pvc-3ff3e145-7ecb-4e0f-9ada-d4bf7691fbee   2Gi        RWO            Delete           Bound    tke/proxydata-cluster1-proxysql-1                                             local-path              19d
pvc-4180f73e-e289-47d1-b7d8-8b93241e26e3   3Gi        RWO            Delete           Bound    zxl-mongodb/mongod-data-m1-rs0-0                                              local-path              23h
pvc-49e69e8f-b37e-4ca8-80da-c3b9ac2fcb70   6Gi        RWO            Delete           Bound    mysql/datadir-cluster1-pxc-1                                                  intceph                 16h
pvc-4b9506a8-a34b-4289-a0fd-f98a692fe230   3Gi        RWO            Delete           Bound    operators/mongod-data-my-cluster-name-rs0-1                                   local-path              3d23h
pvc-5eefaa28-fa70-4d44-82d8-c98041703e31   2Gi        RWO            Delete           Bound    mysql/proxydata-cluster1-proxysql-1                                           intceph                 16h
pvc-612498f7-0baa-42c1-b678-a447979aeab2   1Gi        RWO            Delete           Bound    operators/pgdata-acid-minimal-cluster-0                                       local-path              19d
pvc-6dfed2c0-f361-4e0c-a16e-fe47aa0bdd25   2Gi        RWO            Delete           Bound    default/local-path-pvc                                                        local-path              41d
pvc-6f701171-b812-4ef9-ac61-a5102510728e   2Gi        RWO            Delete           Bound    tke/proxydata-cluster1-proxysql-2                                             local-path              19d
pvc-71f7e4a1-0644-4f1b-9b0c-146afaf566ec   6Gi        RWO            Delete           Bound    mysql/datadir-cluster1-pxc-2                                                  intceph                 16h
pvc-7ab83215-c7d5-46b2-ba77-238712228188   6Gi        RWO            Delete           Bound    mysql/datadir-cluster1-pxc-0                                                  intceph                 16h
pvc-7fc36370-b625-4c57-a110-d209169ad06e   3Gi        RWO            Delete           Bound    zxl-mongodb/mongod-data-m1-rs0-2                                              local-path              23h
pvc-817290d9-190c-43c4-8ca1-723f76c91554   1Gi        RWO            Delete           Bound    jwxiong/mongod-data-jw-mongo-rs0-2                                            local-path              2d23h
pvc-85634fec-3c2a-46d6-9458-500ad4a856d8   6Gi        RWO            Delete           Bound    haoli/datadir-cluster1-pxc-0                                                  local-path              14d
pvc-8b7aa418-09fb-4d0b-b922-d4bb7a3fc976   6Gi        RWO            Delete           Bound    haoli/datadir-doc-test-pxc-2                                                  local-path              19d
pvc-8d077b76-b087-4b7d-99e4-b9129d2b599b   1Gi        RWO            Delete           Bound    redis/redis-cluster-demo-slave-redis-cluster-demo-slave-0                     local-path              2d16h
pvc-9fd04c12-a688-4d49-90ea-f4308f87470c   3Gi        RWO            Delete           Bound    operators/mongod-data-my-cluster-name-rs0-0                                   local-path              3d23h
pvc-a951580d-84f5-49d2-a7e1-e787fedeb1fb   3Gi        RWO            Delete           Bound    jwxiong-mongo/mongod-data-my-cluster-name-rs0-0                               local-path              3d23h
pvc-a96416c6-69b0-48bd-b81d-6f20ec5e348f   1Gi        RWO            Delete           Bound    operators/pgdata-acid-minimal-cluster-1                                       local-path              19d
pvc-aac5fc0d-0fe6-4363-9d93-23304e98767e   500Gi      RWO            Delete           Bound    minio/minio                                                                   local-path              3d20h
pvc-b428fc96-19c3-4354-960d-cd072a3b3f0a   2Gi        RWO            Delete           Bound    haoli/proxydata-cluster1-proxysql-1                                           local-path              14d
pvc-ca4e5f1d-3214-4ffd-8fc3-a14892601589   6Gi        RWO            Delete           Bound    haoli/datadir-doc-test-pxc-0                                                  local-path              19d
pvc-ce193c44-5b83-4a17-9022-54e45ef97c5f   3Gi        RWO            Delete           Bound    jwxiong-mongo/mongod-data-my-cluster-name-rs0-1                               local-path              3d23h
pvc-ced3f062-24e7-4459-aab1-411f0ba31db2   2Gi        RWO            Delete           Bound    haoli/proxydata-cluster1-proxysql-0                                           local-path              14d
pvc-d17aa3e7-43d3-4aa3-895f-d0e5d46edddd   1Gi        RWO            Delete           Bound    redis/redis-cluster-demo-master-redis-cluster-demo-master-2                   local-path              2d16h
pvc-d5aa1001-4467-4ffd-97dd-4283787a286f   1Gi        RWO            Delete           Bound    redis/redis-cluster-demo-master-redis-cluster-demo-master-1                   local-path              2d16h
pvc-d649978f-813b-4c76-bf3b-f7e52e8cc7d7   2Gi        RWO            Delete           Bound    tke/proxydata-cluster1-proxysql-0                                             local-path              19d
pvc-d9675092-d604-448b-9a47-d59668882ae9   6Gi        RWO            Delete           Bound    tke/datadir-cluster1-pxc-2                                                    local-path              19d
pvc-db4bfdc7-256a-404e-9b60-59565c7699f0   2Gi        RWO            Delete           Bound    haoli/proxydata-doc-test-proxysql-1                                           local-path              19d
pvc-e6b643d6-2316-4008-93e7-e3062b163836   1Gi        RWO            Delete           Bound    jwxiong/mongod-data-jw-mongo-rs0-0                                            local-path              2d23h
pvc-e9be1665-dbbd-46bc-9449-3f6ad6f5c4f1   2Gi        RWO            Delete           Bound    mysql/proxydata-cluster1-proxysql-0                                           intceph                 16h
pvc-f49f2c07-2bf6-4d7d-a590-298c61c90c68   6Gi        RWO            Delete           Bound    tke/datadir-cluster1-pxc-1                                                    local-path              19d
pvc-faddd6cf-565d-4404-86ff-fb6122231f7a   10Gi       RWO            Delete           Bound    haoli/persistence-sample-rabbitmq-server-0                                    local-path              19d
pvc-fb5b21a9-76ed-4fcd-81c5-e7cbbc72c6a0   2Gi        RWO            Delete           Bound    mysql/proxydata-cluster1-proxysql-2                                           intceph                 16h
pvc-ff4c877e-fb34-4c9a-9a0e-d31c72db98e6   1Gi        RWO            Delete           Bound    redis/redis-cluster-demo-master-redis-cluster-demo-master-0                   local-path              2d16h

kubectl get -n kafka pods
NAME                                               READY   STATUS    RESTARTS   AGE
strimzi-cluster-operator-v0.18.0-99fc5c9f5-zsrx8   1/1     Running   0          3m16s

kubectl get -n kafka podtemplates

kubectl get -n kafka replicationcontrollers

kubectl get -n kafka resourcequotas

kubectl get -n kafka secrets
NAME                                   TYPE                                  DATA   AGE
default-token-r5ztg                    kubernetes.io/service-account-token   3      4m3s
strimzi-cluster-operator-token-8r97s   kubernetes.io/service-account-token   3      3m16s

kubectl get -n kafka serviceaccounts
NAME                       SECRETS   AGE
default                    1         4m3s
strimzi-cluster-operator   1         3m16s

kubectl get -n kafka services

kubectl get -n kafka productions
NAME                 INDEX   TITLE                GROUP        HOMEPAGE
container-platform   0       Container Platform   production   /console-acp/

kubectl get -n kafka postgresqls

kubectl get -n kafka mutatingwebhookconfigurations
NAME                                     CREATED AT
captain-mutating-webhook-configuration   2020-08-25T09:34:42Z
cert-manager-webhook                     2020-08-25T09:34:52Z
courier                                  2020-08-25T09:38:07Z
meepo                                    2020-08-25T09:35:42Z
metis                                    2020-10-12T01:52:57Z

kubectl get -n kafka validatingwebhookconfigurations
NAME                                       CREATED AT
auth-controller2                           2020-08-25T09:35:42Z
captain-validating-webhook-configuration   2020-08-25T09:34:42Z
cert-manager-webhook                       2020-08-25T09:34:52Z
courier                                    2020-08-25T09:38:07Z
meepo                                      2020-08-25T09:35:42Z
metis                                      2020-10-12T01:52:57Z
validating-redis-webhook                   2020-10-09T06:38:21Z

kubectl get -n kafka alerttemplates

kubectl get -n kafka archivelogs

kubectl get -n kafka audits

kubectl get -n kafka events
LAST SEEN   TYPE     REASON                OBJECT                                                   MESSAGE
<unknown>   Normal   Scheduled             pod/strimzi-cluster-operator-v0.18.0-99fc5c9f5-zsrx8     Successfully assigned kafka/strimzi-cluster-operator-v0.18.0-99fc5c9f5-zsrx8 to 10.0.128.237
3m16s       Normal   Pulled                pod/strimzi-cluster-operator-v0.18.0-99fc5c9f5-zsrx8     Container image "10.0.129.0:60080/3rdparty/strimzi/operator@sha256:2857eec4b4c5eca0fbe342fa37497dcc9eee6fdbc06db53910c92136176ed34d" already present on machine
3m16s       Normal   Created               pod/strimzi-cluster-operator-v0.18.0-99fc5c9f5-zsrx8     Created container strimzi-cluster-operator
3m16s       Normal   Started               pod/strimzi-cluster-operator-v0.18.0-99fc5c9f5-zsrx8     Started container strimzi-cluster-operator
3m17s       Normal   SuccessfulCreate      replicaset/strimzi-cluster-operator-v0.18.0-99fc5c9f5    Created pod: strimzi-cluster-operator-v0.18.0-99fc5c9f5-zsrx8
3m17s       Normal   ScalingReplicaSet     deployment/strimzi-cluster-operator-v0.18.0              Scaled up replica set strimzi-cluster-operator-v0.18.0-99fc5c9f5 to 1
3m21s       Normal   RequirementsUnknown   clusterserviceversion/strimzi-cluster-operator.v0.18.0   requirements not yet checked
3m21s       Normal   RequirementsNotMet    clusterserviceversion/strimzi-cluster-operator.v0.18.0   one or more requirements couldn't be found
3m17s       Normal   AllRequirementsMet    clusterserviceversion/strimzi-cluster-operator.v0.18.0   all requirements found, attempting install
3m17s       Normal   InstallSucceeded      clusterserviceversion/strimzi-cluster-operator.v0.18.0   waiting for install components to report healthy
3m17s       Normal   InstallWaiting        clusterserviceversion/strimzi-cluster-operator.v0.18.0   installing: waiting for deployment strimzi-cluster-operator-v0.18.0 to become ready: Waiting for deployment spec update to be observed...
3m17s       Normal   InstallWaiting        clusterserviceversion/strimzi-cluster-operator.v0.18.0   installing: waiting for deployment strimzi-cluster-operator-v0.18.0 to become ready: Waiting for rollout to finish: 0 out of 1 new replicas have been updated...
3m16s       Normal   InstallWaiting        clusterserviceversion/strimzi-cluster-operator.v0.18.0   installing: waiting for deployment strimzi-cluster-operator-v0.18.0 to become ready: Waiting for rollout to finish: 0 of 1 updated replicas are available...
2m49s       Normal   InstallSucceeded      clusterserviceversion/strimzi-cluster-operator.v0.18.0   install strategy completed with no errors

kubectl get -n kafka logpolicies
NAME             AGE
log-kubernetes   2d23h
log-platform     2d23h
log-system       2d23h
log-workload     2d23h

kubectl get -n kafka logs

kubectl get -n kafka notificationmessages

kubectl get -n kafka notificationreceivers

kubectl get -n kafka notifications

kubectl get -n kafka notificationsenders

kubectl get -n kafka notificationservers

kubectl get -n kafka notificationtemplates

kubectl get -n kafka grafanadashboards

kubectl get -n kafka alaudafeaturegates

kubectl get -n kafka clusteralaudafeaturegates

kubectl get -n kafka productconfigs
NAME    STATUS   VERSION        PRODUCT-KIND
redis            v2.1           RedisInstaller
tdsql            v10.3.14.6.0   TDSQLDeploy

kubectl get -n kafka customresourcedefinitions
NAME                                             CREATED AT
accounts.tdsql.alauda.io                         2020-08-28T07:21:36Z
acp.product.alauda.io                            2020-08-25T09:36:43Z
alaudafeaturegates.alauda.io                     2020-08-25T09:34:51Z
alaudaloadbalancer2.crd.alauda.io                2020-08-25T09:34:51Z
alaudaproducts.portal.alauda.io                  2020-08-25T09:35:33Z
alertmanagers.monitoring.coreos.com              2020-08-25T09:34:49Z
alerttemplates.aiops.alauda.io                   2020-08-25T09:37:53Z
applicationhistories.app.k8s.io                  2020-08-25T09:34:51Z
applications.app.k8s.io                          2020-08-25T09:34:51Z
appreleases.operator.alauda.io                   2020-08-25T09:34:41Z
archivelogs.aiops.alauda.io                      2020-08-25T09:37:53Z
audits.aiops.alauda.io                           2020-08-25T09:35:33Z
authcodes.dex.coreos.com                         2020-08-25T09:36:40Z
authrequests.dex.coreos.com                      2020-08-25T09:36:40Z
catalogsources.operators.coreos.com              2020-09-22T08:20:01Z
certificaterequests.certmanager.k8s.io           2020-08-25T09:34:49Z
certificates.certmanager.k8s.io                  2020-08-25T09:34:49Z
challenges.certmanager.k8s.io                    2020-08-25T09:34:49Z
chartrepos.app.alauda.io                         2020-08-25T09:34:42Z
charts.app.alauda.io                             2020-08-25T09:34:42Z
clusteraccounts.tdsql.alauda.io                  2020-08-28T07:21:36Z
clusteralaudafeaturegates.alauda.io              2020-08-25T09:34:51Z
clusterfeds.infrastructure.alauda.io             2020-08-25T09:35:34Z
clusterissuers.certmanager.k8s.io                2020-08-25T09:34:49Z
clusternetworkpolicies.crd.alauda.io             2020-08-25T09:35:02Z
clusters.clusterregistry.k8s.io                  2020-08-25T09:35:34Z
clusterserviceversions.operators.coreos.com      2020-09-22T08:20:02Z
commonconfigs.operator.alauda.io                 2020-08-25T09:35:30Z
connectors.dex.coreos.com                        2020-08-25T09:36:40Z
cronhpas.tkestack.io                             2020-08-25T09:35:02Z
domains.crd.alauda.io                            2020-08-25T09:35:34Z
etcdbackups.etcd.database.coreos.com             2020-09-08T03:11:58Z
etcdclusters.etcd.database.coreos.com            2020-09-08T03:11:58Z
etcdrestores.etcd.database.coreos.com            2020-09-08T03:11:58Z
events.aiops.alauda.io                           2020-08-25T09:37:53Z
features.infrastructure.alauda.io                2020-08-25T09:34:51Z
frontends.crd.alauda.io                          2020-08-25T09:34:51Z
functionresources.auth.alauda.io                 2020-08-25T09:35:34Z
grafanadashboards.ait.alauda.io                  2020-08-25T09:34:45Z
groupbindings.auth.alauda.io                     2020-08-25T09:35:33Z
groups.auth.alauda.io                            2020-08-25T09:35:33Z
helmrequests.app.alauda.io                       2020-08-25T09:34:41Z
imoocpods.k8s.imooc.com                          2020-09-27T13:04:01Z
installplans.operators.coreos.com                2020-09-22T08:20:02Z
instancebindings.tdsql.alauda.io                 2020-08-28T07:21:36Z
instances.tdsql.alauda.io                        2020-08-28T07:21:36Z
issuers.certmanager.k8s.io                       2020-08-25T09:34:49Z
kafkabridges.kafka.strimzi.io                    2020-09-18T11:39:55Z
kafkaconnectors.kafka.strimzi.io                 2020-09-18T11:39:55Z
kafkaconnects.kafka.strimzi.io                   2020-09-18T11:39:55Z
kafkaconnects2is.kafka.strimzi.io                2020-09-18T11:39:55Z
kafkamirrormaker2s.kafka.strimzi.io              2020-09-18T11:39:56Z
kafkamirrormakers.kafka.strimzi.io               2020-09-18T11:39:56Z
kafkarebalances.kafka.strimzi.io                 2020-09-18T11:39:56Z
kafkas.kafka.strimzi.io                          2020-09-11T02:44:14Z
kafkatopics.kafka.strimzi.io                     2020-08-31T03:35:06Z
kafkausers.kafka.strimzi.io                      2020-08-31T03:35:06Z
logpolicies.aiops.alauda.io                      2020-08-25T09:37:53Z
logs.aiops.alauda.io                             2020-08-25T09:37:53Z
namespaceoverviews.k8s.io                        2020-08-25T09:34:51Z
notificationmessages.aiops.alauda.io             2020-08-25T09:37:53Z
notificationreceivers.aiops.alauda.io            2020-08-25T09:37:53Z
notifications.aiops.alauda.io                    2020-08-25T09:37:53Z
notificationsenders.aiops.alauda.io              2020-08-25T09:37:53Z
notificationservers.aiops.alauda.io              2020-08-25T09:37:53Z
notificationtemplates.aiops.alauda.io            2020-08-25T09:37:53Z
oauth2clients.dex.coreos.com                     2020-08-25T09:36:40Z
offlinesessionses.dex.coreos.com                 2020-08-25T09:36:40Z
operatorgroups.operators.coreos.com              2020-09-22T08:20:02Z
orders.certmanager.k8s.io                        2020-08-25T09:34:49Z
passwords.dex.coreos.com                         2020-08-25T09:35:25Z
perconaservermongodbbackups.psmdb.percona.com    2020-09-29T06:41:35Z
perconaservermongodbrestores.psmdb.percona.com   2020-09-29T06:41:35Z
perconaservermongodbs.psmdb.percona.com          2020-09-29T06:41:35Z
perconaxtradbbackups.pxc.percona.com             2020-09-01T06:13:35Z
perconaxtradbclusterbackups.pxc.percona.com      2020-10-12T08:01:16Z
perconaxtradbclusterrestores.pxc.percona.com     2020-10-12T08:01:16Z
perconaxtradbclusters.pxc.percona.com            2020-10-12T08:01:16Z
podmonitors.monitoring.coreos.com                2020-08-25T09:34:49Z
postgresqls.acid.zalan.do                        2020-08-26T08:17:10Z
productbases.product.alauda.io                   2020-08-25T09:35:34Z
productconfigs.alauda.io                         2020-09-29T07:23:32Z
productions.ace3.alauda.io                       2020-08-25T09:35:33Z
products.middleware.alauda.io                    2020-08-28T07:53:14Z
projectbindings.auth.alauda.io                   2020-08-25T09:35:34Z
projectquotas.auth.alauda.io                     2020-08-25T09:34:51Z
projects.auth.alauda.io                          2020-08-25T09:35:33Z
prometheuses.monitoring.coreos.com               2020-08-25T09:34:49Z
prometheusrules.monitoring.coreos.com            2020-08-25T09:34:45Z
rabbitmqclusters.rabbitmq.com                    2020-09-04T08:16:30Z
redis.redis.opstreelabs.in                       2020-08-26T09:56:45Z
redisfailovers.databases.spotahome.com           2020-09-30T06:59:08Z
redisinstallers.product.alauda.io                2020-10-09T06:38:20Z
refreshtokens.dex.coreos.com                     2020-08-25T09:36:40Z
releases.app.alauda.io                           2020-08-26T08:23:41Z
rels.operator.alauda.io                          2020-08-25T09:34:41Z
reports.metering.alauda.io                       2020-08-25T09:37:53Z
requests.tdsql.alauda.io                         2020-08-28T07:21:36Z
roletemplates.auth.alauda.io                     2020-08-25T09:35:34Z
rules.crd.alauda.io                              2020-08-25T09:34:51Z
servicemonitors.monitoring.coreos.com            2020-08-25T09:34:49Z
signingkeies.dex.coreos.com                      2020-08-25T09:36:40Z
subscriptions.operators.coreos.com               2020-09-22T08:20:02Z
tdsqldeploys.product.alauda.io                   2020-09-29T07:25:10Z
thanosrulers.monitoring.coreos.com               2020-08-25T09:34:49Z
tracejobreports.tracer.alauda.io                 2020-08-25T09:34:51Z
tracejobs.tracer.alauda.io                       2020-08-25T09:34:51Z
userbindings.auth.alauda.io                      2020-08-25T09:34:51Z
users.auth.alauda.io                             2020-08-25T09:35:25Z
views.auth.alauda.io                             2020-08-25T09:35:33Z

kubectl get -n kafka apiservices
NAME                                   SERVICE                                         AVAILABLE   AGE
v1-1-0.psmdb.percona.com               Local                                           True        2d9h
v1-1-0.pxc.percona.com                 Local                                           True        18h
v1-2-0.psmdb.percona.com               Local                                           True        3d20h
v1-2-0.pxc.percona.com                 Local                                           True        18h
v1-3-0.psmdb.percona.com               Local                                           True        3d19h
v1-3-0.pxc.percona.com                 Local                                           True        18h
v1-4-0.psmdb.percona.com               Local                                           True        3d20h
v1-4-0.pxc.percona.com                 Local                                           True        18h
v1-5-0.pxc.percona.com                 Local                                           True        18h
v1.                                    Local                                           True        48d
v1.ace3.alauda.io                      Local                                           True        17d
v1.acid.zalan.do                       Local                                           True        17d
v1.admissionregistration.k8s.io        Local                                           True        48d
v1.alauda.io                           Local                                           True        12d
v1.apiextensions.k8s.io                Local                                           True        48d
v1.apps                                Local                                           True        48d
v1.auth.alauda.io                      Local                                           True        3d20h
v1.authentication.k8s.io               Local                                           True        48d
v1.authorization.k8s.io                Local                                           True        48d
v1.autoscaling                         Local                                           True        48d
v1.batch                               Local                                           True        48d
v1.business.tkestack.io                cpaas-system/alauda-business-api                True        48d
v1.coordination.k8s.io                 Local                                           True        48d
v1.crd.alauda.io                       Local                                           True        3d19h
v1.databases.spotahome.com             Local                                           True        3d20h
v1.dex.coreos.com                      Local                                           True        3d19h
v1.k8s.io                              Local                                           True        18d
v1.monitoring.coreos.com               Local                                           True        33d
v1.networking.k8s.io                   Local                                           True        48d
v1.operators.coreos.com                Local                                           True        3d19h
v1.packages.operators.coreos.com       cpaas-system/packageserver-service              True        20d
v1.platform.tkestack.io                cpaas-system/alauda-platform-api                True        48d
v1.product.alauda.io                   Local                                           True        3d19h
v1.psmdb.percona.com                   Local                                           True        3d19h
v1.pxc.percona.com                     Local                                           True        18h
v1.rbac.authorization.k8s.io           Local                                           True        48d
v1.scheduling.k8s.io                   Local                                           True        48d
v1.storage.k8s.io                      Local                                           True        48d
v1.tkestack.io                         Local                                           True        12d
v1alpha1.aiops.alauda.io               Local                                           True        3d19h
v1alpha1.alauda.io                     Local                                           True        3d20h
v1alpha1.app.alauda.io                 Local                                           True        3d20h
v1alpha1.certmanager.k8s.io            Local                                           True        3d19h
v1alpha1.clusterregistry.k8s.io        Local                                           True        3d19h
v1alpha1.infrastructure.alauda.io      Local                                           True        3d20h
v1alpha1.k8s.imooc.com                 Local                                           True        3d19h
v1alpha1.kafka.strimzi.io              Local                                           True        2d9h
v1alpha1.middleware.alauda.io          Local                                           True        17d
v1alpha1.operator.alauda.io            Local                                           True        3d20h
v1alpha1.operators.coreos.com          Local                                           True        2d9h
v1alpha1.portal.alauda.io              Local                                           True        4d9h
v1alpha1.product.alauda.io             Local                                           True        3d20h
v1alpha1.psmdb.percona.com             Local                                           True        3d19h
v1alpha1.pxc.percona.com               Local                                           True        3d19h
v1alpha1.redis.opstreelabs.in          Local                                           True        12d
v1alpha1.tdsql.alauda.io               Local                                           True        17d
v1alpha2.operators.coreos.com          Local                                           True        3d19h
v1beta1.admissionregistration.k8s.io   Local                                           True        48d
v1beta1.aiops.alauda.io                Local                                           True        17d
v1beta1.ait.alauda.io                  Local                                           True        17d
v1beta1.apiextensions.k8s.io           Local                                           True        48d
v1beta1.app.alauda.io                  Local                                           True        3d19h
v1beta1.app.k8s.io                     Local                                           True        3d19h
v1beta1.auth.alauda.io                 Local                                           True        17d
v1beta1.authentication.k8s.io          Local                                           True        48d
v1beta1.authorization.k8s.io           Local                                           True        48d
v1beta1.batch                          Local                                           True        48d
v1beta1.certificates.k8s.io            Local                                           True        48d
v1beta1.coordination.k8s.io            Local                                           True        48d
v1beta1.custom.metrics.k8s.io          cpaas-system/cpaas-monitor-prometheus-adapter   True        48d
v1beta1.events.k8s.io                  Local                                           True        48d
v1beta1.extensions                     Local                                           True        48d
v1beta1.kafka.strimzi.io               Local                                           True        3d20h
v1beta1.metering.alauda.io             Local                                           True        3d19h
v1beta1.metrics.k8s.io                 cpaas-system/cpaas-monitor-prometheus-adapter   True        48d
v1beta1.networking.k8s.io              Local                                           True        48d
v1beta1.node.k8s.io                    Local                                           True        48d
v1beta1.policy                         Local                                           True        48d
v1beta1.rabbitmq.com                   Local                                           True        3d19h
v1beta1.rbac.authorization.k8s.io      Local                                           True        48d
v1beta1.scheduling.k8s.io              Local                                           True        48d
v1beta1.storage.k8s.io                 Local                                           True        48d
v1beta1.tracer.alauda.io               Local                                           True        3d20h
v1beta1.webhook.certmanager.k8s.io     cert-manager/cert-manager-webhook               True        48d
v1beta2.etcd.database.coreos.com       Local                                           True        34d
v2.crd.alauda.io                       Local                                           True        17d
v2beta1.autoscaling                    Local                                           True        48d
v2beta2.autoscaling                    Local                                           True        48d

kubectl get -n kafka chartrepos

kubectl get -n kafka charts

kubectl get -n kafka helmrequests

kubectl get -n kafka releases

kubectl get -n kafka applicationhistories

kubectl get -n kafka applications

kubectl get -n kafka controllerrevisions

kubectl get -n kafka daemonsets

kubectl get -n kafka deployments
NAME                               READY   UP-TO-DATE   AVAILABLE   AGE
strimzi-cluster-operator-v0.18.0   1/1     1            1           3m18s

kubectl get -n kafka replicasets
NAME                                         DESIRED   CURRENT   READY   AGE
strimzi-cluster-operator-v0.18.0-99fc5c9f5   1         1         1       3m18s

kubectl get -n kafka statefulsets

kubectl get -n kafka functionresources
NAME                                  AGE
acp-alertsquery                       48d
acp-app                               48d
acp-apphelm                           48d
acp-appmarket                         48d
acp-autoscalers                       48d
acp-configmap                         48d
acp-federatedapplications             48d
acp-federatednamespaces               48d
acp-federatedresourcequotas           48d
acp-k8sresource                       48d
acp-limitranges                       48d
acp-loadbalance-use                   48d
acp-namespaceoverviews                48d
acp-namespaces                        48d
acp-networkdiagnose                   48d
acp-networkpolicies                   48d
acp-openshiftroutes                   48d
acp-podsecuritypolicies               48d
acp-podsexec                          48d
acp-podslog                           48d
acp-resourcequotas                    48d
acp-rootexec                          48d
acp-rules                             48d
acp-subnet                            48d
aiops-alerts                          48d
aiops-alerttemplate                   48d
aiops-audits                          48d
aiops-events                          48d
aiops-logs                            48d
aiops-notifications                   48d
aiops-notificationsmanage             48d
aml-amljenkinsbindings                48d
aml-amlpipelineconfigs                48d
aml-amlpipelines                      48d
aml-amlpipelinetemplates              48d
aml-amlprojectbindings                48d
aml-amlsecrets                        48d
aml-dataviewers                       48d
aml-k8sresource                       48d
aml-modeldeployments                  48d
aml-notebooks                         48d
aml-pytorchjobs                       48d
aml-tensorflowtrainings               48d
aml-tfjobs                            48d
asm-asmk8sresource                    48d
asm-asmloadbalancers                  48d
asm-authorizationpolicy               48d
asm-canarydeliveries                  48d
asm-canarytemplates                   48d
asm-casemonitors                      48d
asm-clusterconfig                     48d
asm-connectionpools                   48d
asm-errorchecks                       48d
asm-gateways                          48d
asm-istioauthentication               48d
asm-istioconfig                       48d
asm-istionetworking                   48d
asm-istiorbac                         48d
asm-istiosecurity                     48d
asm-microservices                     48d
asm-outlierdetections                 48d
asm-policies                          48d
asm-servicemeshs                      48d
asm-virtualservices                   48d
asm-whitelists                        48d
devops-clusterpipelinetasktemplates   48d
devops-clusterpipelinetemplates       48d
devops-clusterpipelinetemplatesyncs   48d
devops-devopstools                    48d
devops-pipelineconfigs                48d
devops-pipelines                      48d
devops-pipelinetasktemplates          48d
devops-pipelinetemplates              48d
devops-pipelinetemplatesyncs          48d
devops-secret                         48d
devops-toolbindings                   48d
devops-toolresource                   48d
infrastructure-clusterfeds            48d
infrastructure-clusters               48d
infrastructure-domains                48d
infrastructure-loadbalance            48d
infrastructure-nodesmanage            48d
infrastructure-persistentvolumes      48d
infrastructure-storageclasses         48d
platform-manage-commonconfigs         48d
platform-manage-featuregates          48d
platform-manage-idpmanage             48d
platform-manage-meters                48d
platform-manage-portal                48d
platform-manage-productlist           48d
platform-manage-projectmanage         48d
platform-manage-rolesmanage           48d
platform-manage-userbindings          48d
platform-manage-usersmanage           48d
tdsql-accounts                        18d
tdsql-instancebindings                18d
tdsql-instances                       18d
views-acp-manageview                  48d
views-acp-userview                    48d
views-aml-manageview                  48d
views-aml-userview                    48d
views-asm-manageview                  48d
views-asm-userview                    48d
views-devops-manageview               48d
views-devops-userview                 48d
views-maintenanceview                 48d
views-platformview                    48d
views-projectview                     48d

kubectl get -n kafka groupbindings
NAME                                                                AGE
361a6c6fe83acc597cc0e82fa2d266d9-992811368a2d05f316d2408329db0f7a   18d
61e2c054559da82ee780ca2b4bc6b3a5-992811368a2d05f316d2408329db0f7a   18d
75c16c87a082637c28b3ac1049e841d2-992811368a2d05f316d2408329db0f7a   33d
8afe307d054f1e96ce2e3d10aa374162-992811368a2d05f316d2408329db0f7a   48d
d6ff19b49aa4c403815395083c5d9a66-992811368a2d05f316d2408329db0f7a   18d
f0f05a8a9c1ea55dc5e3c39e05f94223-992811368a2d05f316d2408329db0f7a   18d

kubectl get -n kafka groups
NAME                               AGE
992811368a2d05f316d2408329db0f7a   48d

kubectl get -n kafka projectbindings
NAME                  AGE
cpaas-system-global   40d
haoli-global          26d
haoli-region          26d
hchan-global          25d
joe-global            47d
joe-region            47d
jwxiong-global        13d
jwxiong-region        13d
pg-global             25d
redis-global          25d
yqhou-global          38d
zlc-global            43d
zlc-region            25d
zxl-global            33d
zxl-region            33d

kubectl get -n kafka projectquotas
NAME           AGE
cpaas-system   40d
haoli          26d
hchan          25d
joe            47d
jwxiong        13d
pg             25d
redis          25d
yqhou          38d
zlc            43d
zxl            33d

kubectl get -n kafka projects
NAME           AGE
cpaas-system   40d
haoli          26d
hchan          25d
joe            47d
jwxiong        13d
pg             25d
redis          25d
yqhou          38d
zlc            43d
zxl            33d

kubectl get -n kafka roletemplates
NAME                         AGE
a123                         34d
acp-namespace-admin          48d
acp-namespace-developer      48d
acp-platform-admin           48d
acp-platform-auditor         48d
acp-project-admin            48d
database-administrator       33d
f                            18d
namespace-admin-system       18d
namespace-developer-system   18d
project-admin-system         18d

kubectl get -n kafka userbindings
NAME                               AGE
1c9de58325334177f9a9f5c51b60f425   48d
373e300ce512556303b7dee857c6f242   33d
46704624fbdf912741cbf7942f4325dd   18d
6e01ac2af9a1882c5ad4d6c411f2c097   18d
ea6da821af033a217638f032c2946f88   18d

kubectl get -n kafka users
NAME                               AGE
361a6c6fe83acc597cc0e82fa2d266d9   18d
61e2c054559da82ee780ca2b4bc6b3a5   18d
75c16c87a082637c28b3ac1049e841d2   33d
8afe307d054f1e96ce2e3d10aa374162   48d
d6ff19b49aa4c403815395083c5d9a66   18d
f0f05a8a9c1ea55dc5e3c39e05f94223   18d

kubectl get -n kafka views
NAME                AGE
acp-manageview      48d
acp-userview        48d
aml-manageview      48d
aml-userview        48d
asm-userview        48d
devops-manageview   48d
devops-userview     48d
platformview        48d
projectview         48d
sam-manageview      48d

kubectl get -n kafka tokenreviews

kubectl get -n kafka localsubjectaccessreviews

kubectl get -n kafka selfsubjectaccessreviews

kubectl get -n kafka selfsubjectrulesreviews

kubectl get -n kafka subjectaccessreviews

kubectl get -n kafka horizontalpodautoscalers

kubectl get -n kafka cronjobs

kubectl get -n kafka jobs

kubectl get -n kafka configmaps

kubectl get -n kafka namespaces
NAME                 STATUS   AGE
cert-manager         Active   48d
cpaas-system         Active   48d
default              Active   48d
fzz                  Active   35d
haoli                Active   26d
haoli-test           Active   26d
hchan                Active   25d
joe                  Active   47d
jwx-mongo            Active   3d23h
jwxiong              Active   13d
jwxiong-mongo        Active   3d23h
kafka                Active   4m7s
kube-node-lease      Active   48d
kube-public          Active   48d
kube-system          Active   48d
local-path-storage   Active   41d
minio                Active   3d20h
mysql                Active   17h
operators            Active   20d
pg                   Active   25d
redis                Active   25d
rook-ceph            Active   48d
tke                  Active   48d
yqhou                Active   38d
zlc                  Active   43d
zlc-global           Active   17d
zxl                  Active   33d
zxl-mongodb          Active   13d

kubectl get -n kafka nsemigrations

kubectl get -n kafka platforms
NAME               CREATED AT
platform-default   2020-08-25T09:35:52Z

kubectl get -n kafka portal
NAME   CREATED AT
       0001-01-01T00:00:00Z

kubectl get -n kafka projects
NAME           AGE
cpaas-system   40d
haoli          26d
hchan          25d
joe            47d
jwxiong        13d
pg             25d
redis          25d
yqhou          38d
zlc            43d
zxl            33d

kubectl get -n kafka certificatesigningrequests

kubectl get -n kafka certificaterequests

kubectl get -n kafka certificates

kubectl get -n kafka challenges

kubectl get -n kafka clusterissuers

kubectl get -n kafka issuers

kubectl get -n kafka orders

kubectl get -n kafka clusters
NAME     TYPE        VERSION   STATUS    AGE
global   Baremetal   1.16.9    Running   48d
region   Baremetal   1.16.9    Running   48d

kubectl get -n kafka leases

kubectl get -n kafka alaudaloadbalancer2

kubectl get -n kafka clusternetworkpolicies

kubectl get -n kafka domains

kubectl get -n kafka frontends

kubectl get -n kafka rules

kubectl get -n kafka redisfailovers

kubectl get -n kafka authcodes

kubectl get -n kafka authrequests

kubectl get -n kafka connectors

kubectl get -n kafka oauth2clients

kubectl get -n kafka offlinesessionses

kubectl get -n kafka passwords

kubectl get -n kafka refreshtokens

kubectl get -n kafka signingkeies

kubectl get -n kafka etcdbackups

kubectl get -n kafka etcdclusters

kubectl get -n kafka etcdrestores

kubectl get -n kafka events
LAST SEEN   TYPE     REASON                OBJECT                                                   MESSAGE
<unknown>   Normal   Scheduled             pod/strimzi-cluster-operator-v0.18.0-99fc5c9f5-zsrx8     Successfully assigned kafka/strimzi-cluster-operator-v0.18.0-99fc5c9f5-zsrx8 to 10.0.128.237
3m21s       Normal   Pulled                pod/strimzi-cluster-operator-v0.18.0-99fc5c9f5-zsrx8     Container image "10.0.129.0:60080/3rdparty/strimzi/operator@sha256:2857eec4b4c5eca0fbe342fa37497dcc9eee6fdbc06db53910c92136176ed34d" already present on machine
3m21s       Normal   Created               pod/strimzi-cluster-operator-v0.18.0-99fc5c9f5-zsrx8     Created container strimzi-cluster-operator
3m21s       Normal   Started               pod/strimzi-cluster-operator-v0.18.0-99fc5c9f5-zsrx8     Started container strimzi-cluster-operator
3m22s       Normal   SuccessfulCreate      replicaset/strimzi-cluster-operator-v0.18.0-99fc5c9f5    Created pod: strimzi-cluster-operator-v0.18.0-99fc5c9f5-zsrx8
3m22s       Normal   ScalingReplicaSet     deployment/strimzi-cluster-operator-v0.18.0              Scaled up replica set strimzi-cluster-operator-v0.18.0-99fc5c9f5 to 1
3m26s       Normal   RequirementsUnknown   clusterserviceversion/strimzi-cluster-operator.v0.18.0   requirements not yet checked
3m26s       Normal   RequirementsNotMet    clusterserviceversion/strimzi-cluster-operator.v0.18.0   one or more requirements couldn't be found
3m22s       Normal   AllRequirementsMet    clusterserviceversion/strimzi-cluster-operator.v0.18.0   all requirements found, attempting install
3m22s       Normal   InstallSucceeded      clusterserviceversion/strimzi-cluster-operator.v0.18.0   waiting for install components to report healthy
3m22s       Normal   InstallWaiting        clusterserviceversion/strimzi-cluster-operator.v0.18.0   installing: waiting for deployment strimzi-cluster-operator-v0.18.0 to become ready: Waiting for deployment spec update to be observed...
3m22s       Normal   InstallWaiting        clusterserviceversion/strimzi-cluster-operator.v0.18.0   installing: waiting for deployment strimzi-cluster-operator-v0.18.0 to become ready: Waiting for rollout to finish: 0 out of 1 new replicas have been updated...
3m21s       Normal   InstallWaiting        clusterserviceversion/strimzi-cluster-operator.v0.18.0   installing: waiting for deployment strimzi-cluster-operator-v0.18.0 to become ready: Waiting for rollout to finish: 0 of 1 updated replicas are available...
2m54s       Normal   InstallSucceeded      clusterserviceversion/strimzi-cluster-operator.v0.18.0   install strategy completed with no errors

kubectl get -n kafka ingresses

kubectl get -n kafka clusterfeds

kubectl get -n kafka features
NAME            AGE
log             48d
prometheus      48d
resourceratio   48d

kubectl get -n kafka imoocpods

kubectl get -n kafka namespaceoverviews

kubectl get -n kafka kafkabridges

kubectl get -n kafka kafkaconnectors

kubectl get -n kafka kafkaconnects

kubectl get -n kafka kafkaconnects2is

kubectl get -n kafka kafkamirrormaker2s

kubectl get -n kafka kafkamirrormakers

kubectl get -n kafka kafkarebalances

kubectl get -n kafka kafkas

kubectl get -n kafka kafkatopics

kubectl get -n kafka kafkausers

kubectl get -n kafka reports

kubectl get -n kafka nodes
NAME           STATUS   ROLES    AGE   VERSION
10.0.128.237   Ready    master   48d   v1.16.9
10.0.128.64    Ready    master   48d   v1.16.9
10.0.129.171   Ready    master   48d   v1.16.9

kubectl get -n kafka pods
NAME                                               READY   STATUS    RESTARTS   AGE
strimzi-cluster-operator-v0.18.0-99fc5c9f5-zsrx8   1/1     Running   0          3m24s

kubectl get -n kafka products
NAME            AGE
elasticsearch   45d
kafka           45d
mongodb         45d
mysql           45d
postgresql      45d
redis           45d
redis-tencent   45d
tdmq            45d
tdsql           45d

kubectl get -n kafka alertmanagers

kubectl get -n kafka podmonitors

kubectl get -n kafka prometheuses

kubectl get -n kafka prometheusrules

kubectl get -n kafka servicemonitors

kubectl get -n kafka thanosrulers

kubectl get -n kafka ingresses

kubectl get -n kafka networkpolicies

kubectl get -n kafka runtimeclasses

kubectl get -n kafka appreleases

kubectl get -n kafka commonconfigs
NAME       AGE
platform   48d

kubectl get -n kafka rels

kubectl get -n kafka catalogsources

kubectl get -n kafka clusterserviceversions
NAME                               DISPLAY          VERSION   REPLACES   PHASE
strimzi-cluster-operator.v0.18.0   Kafka Operator   0.18.0               Succeeded

kubectl get -n kafka installplans
NAME            CSV                                APPROVAL    APPROVED
install-c47dn   strimzi-cluster-operator.v0.18.0   Automatic   true

kubectl get -n kafka operatorgroups
NAME          AGE
kafka-7dpb8   3m30s

kubectl get -n kafka subscriptions
NAME                     PACKAGE                  SOURCE     CHANNEL
strimzi-kafka-operator   strimzi-kafka-operator   platform   stable

kubectl get -n kafka packagemanifests
NAME                              CATALOG   AGE
devops-tool-operator              平台自研      20d
strimzi-kafka-operator            平台自研      20d
kong-operator                     平台自研      20d
rabbitmq-cluster-operator         平台自研      20d
postgres-operator                 平台自研      20d
percona-xtradb-cluster-operator   平台自研      20d
redis-operator                    平台自研      20d
consul-operator                   平台自研      20d
jaeger-operator                   平台自研      20d

kubectl get -n kafka clusteraddontypes
NAME              CREATED AT
logcollector      0001-01-01T00:00:00Z
prometheus        0001-01-01T00:00:00Z
ipam              0001-01-01T00:00:00Z
helm              0001-01-01T00:00:00Z
persistentevent   0001-01-01T00:00:00Z
tappcontroller    0001-01-01T00:00:00Z
csioperator       0001-01-01T00:00:00Z
volumedecorator   0001-01-01T00:00:00Z
cronhpa           0001-01-01T00:00:00Z
lbcf              0001-01-01T00:00:00Z

kubectl get -n kafka clustercredentials
NAME          CREATED AT
cc-global     2020-08-25T09:30:33Z
cc-tvgrmfnv   2020-08-25T10:04:12Z

kubectl get -n kafka clusters
NAME     TYPE        VERSION   STATUS    AGE
global   Baremetal   1.16.9    Running   48d
region   Baremetal   1.16.9    Running   48d

kubectl get -n kafka configmaps

kubectl get -n kafka cronhpas

kubectl get -n kafka csioperators

kubectl get -n kafka helms

kubectl get -n kafka ipams

kubectl get -n kafka lbcfs

kubectl get -n kafka logcollectors

kubectl get -n kafka machines
NAME          TYPE        IP             STATUS    AGE
mc-fzpd9pkb   Baremetal   10.0.128.175   Running   48d

kubectl get -n kafka persistentevents

kubectl get -n kafka prometheuses

kubectl get -n kafka registries

kubectl get -n kafka tappcontrollers

kubectl get -n kafka volumedecorators

kubectl get -n kafka poddisruptionbudgets

kubectl get -n kafka podsecuritypolicies
NAME                                  PRIV    CAPS   SELINUX    RUNASUSER   FSGROUP     SUPGROUP    READONLYROOTFS   VOLUMES
20-user-restricted                    true    *      RunAsAny   RunAsAny    RunAsAny    RunAsAny    false            *
80-system-privileged                  true    *      RunAsAny   RunAsAny    RunAsAny    RunAsAny    false            *
kube-prometheus                       false          RunAsAny   RunAsAny    MustRunAs   MustRunAs   false            configMap,emptyDir,projected,secret,downwardAPI,persistentVolumeClaim
kube-prometheus-alertmanager          false          RunAsAny   RunAsAny    MustRunAs   MustRunAs   false            configMap,emptyDir,projected,secret,downwardAPI,persistentVolumeClaim
kube-prometheus-exporter-kube-state   false          RunAsAny   RunAsAny    MustRunAs   MustRunAs   false            configMap,emptyDir,projected,secret,downwardAPI,persistentVolumeClaim
kube-prometheus-exporter-node         false          RunAsAny   RunAsAny    MustRunAs   MustRunAs   false            configMap,emptyDir,projected,secret,downwardAPI,persistentVolumeClaim,hostPath
kube-prometheus-grafana               false          RunAsAny   RunAsAny    MustRunAs   MustRunAs   false            configMap,emptyDir,projected,secret,downwardAPI,persistentVolumeClaim,hostPath
prometheus-operator                   false          RunAsAny   RunAsAny    MustRunAs   MustRunAs   false            configMap,emptyDir,projected,secret,downwardAPI,persistentVolumeClaim

kubectl get -n kafka alaudaproducts
NAME               AGE
console-acp        48d
console-platform   48d

kubectl get -n kafka acp
NAME   AGE
acp    48d

kubectl get -n kafka productbases

kubectl get -n kafka redisinstallers

kubectl get -n kafka tdsqldeploys
NAME                AGE
tdsqldeploy-home1   3d16h

kubectl get -n kafka perconaservermongodbbackups

kubectl get -n kafka perconaservermongodbrestores

kubectl get -n kafka perconaservermongodbs

kubectl get -n kafka perconaxtradbbackups

kubectl get -n kafka perconaxtradbclusterbackups

kubectl get -n kafka perconaxtradbclusterrestores

kubectl get -n kafka perconaxtradbclusters

kubectl get -n kafka rabbitmqclusters

kubectl get -n kafka clusterrolebindings
NAME                                                                 AGE
acp-platform-admin-1c9de58325334177f9a9f5c51b60f425                  48d
cephfs-provisioner                                                   47d
cert-manager-cainjector                                              48d
cert-manager-controller-certificates                                 48d
cert-manager-controller-challenges                                   48d
cert-manager-controller-clusterissuers                               48d
cert-manager-controller-ingress-shim                                 48d
cert-manager-controller-issuers                                      48d
cert-manager-controller-orders                                       48d
cert-manager-leaderelection                                          48d
cert-manager-webhook:auth-delegator                                  48d
cluster-admin                                                        48d
default-admin-user-binding                                           48d
default-sa:cluster-admin                                             48d
ext-acp-namespace-admin-6e01ac2af9a1882c5ad4d6c411f2c097             18d
ext-acp-namespace-developer-ea6da821af033a217638f032c2946f88         18d
ext-acp-project-admin-46704624fbdf912741cbf7942f4325dd               18d
ext-custom-database-administrator-373e300ce512556303b7dee857c6f242   33d
flannel                                                              48d
galaxy                                                               48d
kube-prometheus                                                      48d
kube-prometheus-exporter-kube-state                                  48d
kubeadm:kubelet-bootstrap                                            48d
kubeadm:node-autoapprove-bootstrap                                   48d
kubeadm:node-autoapprove-certificate-rotation                        48d
kubeadm:node-proxier                                                 48d
kubernetes-event-exporter                                            48d
local-path-provisioner-bind                                          41d
logging                                                              48d
olm-operator-binding-olm                                             20d
packageserver-service-system:auth-delegator                          20d
prometheus-adapter-hpa-controller                                    48d
prometheus-adapter-hpa-controller-external-metrics                   48d
prometheus-adapter-hpa-controller-metrics                            48d
prometheus-adapter-resource-reader                                   48d
prometheus-adapter:system:auth-delegator                             48d
prometheus-operator                                                  48d
psp-kube-prometheus                                                  48d
psp-kube-prometheus-alertmanager                                     48d
psp-kube-prometheus-exporter-kube-state                              48d
psp-kube-prometheus-exporter-node                                    48d
psp-kube-prometheus-grafana                                          48d
psp-prometheus-operator                                              48d
psp:user-restricted                                                  48d
rabbitmq-cluster-operator.v0.8.0-lsqtc-rabbitmq-cluster-op9gk8q      19d
redis-installer                                                      3d19h
redis-operator.v0.3.0-9mmm5-redis-operator-sdngd                     2d16h
redisoperator                                                        19d
sentry-sa:cluster-admin                                              48d
strimzi-cluster-operator.v0.18.0-6jbmk-strimzi-cluster-open52ng      3m27s
system:basic-user                                                    48d
system:controller:attachdetach-controller                            48d
system:controller:certificate-controller                             48d
system:controller:clusterrole-aggregation-controller                 48d
system:controller:cronjob-controller                                 48d
system:controller:daemon-set-controller                              48d
system:controller:deployment-controller                              48d
system:controller:disruption-controller                              48d
system:controller:endpoint-controller                                48d
system:controller:expand-controller                                  48d
system:controller:generic-garbage-collector                          48d
system:controller:horizontal-pod-autoscaler                          48d
system:controller:job-controller                                     48d
system:controller:namespace-controller                               48d
system:controller:node-controller                                    48d
system:controller:persistent-volume-binder                           48d
system:controller:pod-garbage-collector                              48d
system:controller:pv-protection-controller                           48d
system:controller:pvc-protection-controller                          48d
system:controller:replicaset-controller                              48d
system:controller:replication-controller                             48d
system:controller:resourcequota-controller                           48d
system:controller:route-controller                                   48d
system:controller:service-account-controller                         48d
system:controller:service-controller                                 48d
system:controller:statefulset-controller                             48d
system:controller:ttl-controller                                     48d
system:coredns                                                       48d
system:discovery                                                     48d
system:kube-controller-manager                                       48d
system:kube-dns                                                      48d
system:kube-scheduler                                                48d
system:node                                                          48d
system:node-proxier                                                  48d
system:public-info-viewer                                            48d
system:volume-scheduler                                              48d
tdsql-default-cluster-admin                                          13d
tdsql-operator                                                       45d
tiller-cluster-rule                                                  48d

kubectl get -n kafka clusterroles
NAME                                                                   AGE
acp-kube-public-b-namespace-admin                                      48d
acp-kube-public-b-namespace-developer                                  48d
acp-kube-public-b-project-admin                                        48d
acp-namespace-admin                                                    48d
acp-namespace-developer                                                48d
acp-platform-admin                                                     48d
acp-platform-auditor                                                   48d
acp-pns-namespace-admin                                                48d
acp-pns-namespace-developer                                            48d
acp-pns-project-admin                                                  48d
acp-project-admin                                                      48d
acp-sys-b-namespace-admin                                              48d
acp-sys-b-namespace-developer                                          48d
acp-sys-b-project-admin                                                48d
acp-sys-namespace-admin                                                48d
acp-sys-namespace-developer                                            48d
acp-sys-project-admin                                                  48d
admin                                                                  48d
aggregate-olm-edit                                                     20d
aggregate-olm-view                                                     20d
cephfs-provisioner                                                     47d
cert-manager-cainjector                                                48d
cert-manager-controller-certificates                                   48d
cert-manager-controller-challenges                                     48d
cert-manager-controller-clusterissuers                                 48d
cert-manager-controller-ingress-shim                                   48d
cert-manager-controller-issuers                                        48d
cert-manager-controller-orders                                         48d
cert-manager-edit                                                      48d
cert-manager-leaderelection                                            48d
cert-manager-view                                                      48d
cert-manager-webhook:webhook-requester                                 48d
cluster-admin                                                          48d
custom-a123                                                            34d
custom-database-administrator                                          33d
custom-f                                                               18d
custom-kube-public-b-a123                                              34d
custom-kube-public-b-database-administrator                            33d
custom-kube-public-b-f                                                 18d
custom-pns-a123                                                        34d
custom-pns-database-administrator                                      33d
custom-pns-f                                                           18d
custom-sys-a123                                                        34d
custom-sys-b-a123                                                      34d
custom-sys-b-database-administrator                                    33d
custom-sys-b-f                                                         18d
custom-sys-database-administrator                                      33d
custom-sys-f                                                           18d
edit                                                                   48d
etcdbackups.etcd.database.coreos.com-v1beta2-admin                     34d
etcdbackups.etcd.database.coreos.com-v1beta2-crdview                   34d
etcdbackups.etcd.database.coreos.com-v1beta2-edit                      34d
etcdbackups.etcd.database.coreos.com-v1beta2-view                      34d
etcdclusters.etcd.database.coreos.com-v1beta2-admin                    34d
etcdclusters.etcd.database.coreos.com-v1beta2-crdview                  34d
etcdclusters.etcd.database.coreos.com-v1beta2-edit                     34d
etcdclusters.etcd.database.coreos.com-v1beta2-view                     34d
etcdrestores.etcd.database.coreos.com-v1beta2-admin                    34d
etcdrestores.etcd.database.coreos.com-v1beta2-crdview                  34d
etcdrestores.etcd.database.coreos.com-v1beta2-edit                     34d
etcdrestores.etcd.database.coreos.com-v1beta2-view                     34d
ext-acp-namespace-admin                                                48d
ext-acp-namespace-developer                                            48d
ext-acp-project-admin                                                  48d
ext-custom-a123                                                        34d
ext-custom-database-administrator                                      33d
ext-custom-f                                                           18d
flannel                                                                48d
global-operators-admin                                                 20d
global-operators-edit                                                  20d
global-operators-view                                                  20d
haoli-mkbgb-admin                                                      19d
haoli-mkbgb-edit                                                       19d
haoli-mkbgb-view                                                       19d
joe-sxq74-admin                                                        19d
joe-sxq74-edit                                                         19d
joe-sxq74-view                                                         19d
kafka-7dpb8-admin                                                      3m32s
kafka-7dpb8-edit                                                       3m32s
kafka-7dpb8-view                                                       3m32s
kafkabridges.kafka.strimzi.io-v1alpha1-admin                           24d
kafkabridges.kafka.strimzi.io-v1alpha1-crdview                         24d
kafkabridges.kafka.strimzi.io-v1alpha1-edit                            24d
kafkabridges.kafka.strimzi.io-v1alpha1-view                            24d
kafkaconnectors.kafka.strimzi.io-v1alpha1-admin                        24d
kafkaconnectors.kafka.strimzi.io-v1alpha1-crdview                      24d
kafkaconnectors.kafka.strimzi.io-v1alpha1-edit                         24d
kafkaconnectors.kafka.strimzi.io-v1alpha1-view                         24d
kafkaconnects.kafka.strimzi.io-v1beta1-admin                           24d
kafkaconnects.kafka.strimzi.io-v1beta1-crdview                         24d
kafkaconnects.kafka.strimzi.io-v1beta1-edit                            24d
kafkaconnects.kafka.strimzi.io-v1beta1-view                            24d
kafkaconnects2is.kafka.strimzi.io-v1beta1-admin                        24d
kafkaconnects2is.kafka.strimzi.io-v1beta1-crdview                      24d
kafkaconnects2is.kafka.strimzi.io-v1beta1-edit                         24d
kafkaconnects2is.kafka.strimzi.io-v1beta1-view                         24d
kafkamirrormaker2s.kafka.strimzi.io-v1alpha1-admin                     24d
kafkamirrormaker2s.kafka.strimzi.io-v1alpha1-crdview                   24d
kafkamirrormaker2s.kafka.strimzi.io-v1alpha1-edit                      24d
kafkamirrormaker2s.kafka.strimzi.io-v1alpha1-view                      24d
kafkamirrormakers.kafka.strimzi.io-v1beta1-admin                       24d
kafkamirrormakers.kafka.strimzi.io-v1beta1-crdview                     24d
kafkamirrormakers.kafka.strimzi.io-v1beta1-edit                        24d
kafkamirrormakers.kafka.strimzi.io-v1beta1-view                        24d
kafkarebalances.kafka.strimzi.io-v1alpha1-admin                        24d
kafkarebalances.kafka.strimzi.io-v1alpha1-crdview                      24d
kafkarebalances.kafka.strimzi.io-v1alpha1-edit                         24d
kafkarebalances.kafka.strimzi.io-v1alpha1-view                         24d
kafkas.kafka.strimzi.io-v1beta1-admin                                  27d
kafkas.kafka.strimzi.io-v1beta1-crdview                                27d
kafkas.kafka.strimzi.io-v1beta1-edit                                   27d
kafkas.kafka.strimzi.io-v1beta1-view                                   27d
kafkatopics.kafka.strimzi.io-v1beta1-admin                             42d
kafkatopics.kafka.strimzi.io-v1beta1-crdview                           42d
kafkatopics.kafka.strimzi.io-v1beta1-edit                              42d
kafkatopics.kafka.strimzi.io-v1beta1-view                              42d
kafkausers.kafka.strimzi.io-v1beta1-admin                              42d
kafkausers.kafka.strimzi.io-v1beta1-crdview                            42d
kafkausers.kafka.strimzi.io-v1beta1-edit                               42d
kafkausers.kafka.strimzi.io-v1beta1-view                               42d
kube-prometheus                                                        48d
kube-prometheus-exporter-kube-state                                    48d
kubernetes-event-exporter                                              48d
local-path-provisioner-role                                            41d
logging                                                                48d
olm-operators-admin                                                    20d
olm-operators-edit                                                     20d
olm-operators-view                                                     20d
packagemanifests-v1-admin                                              20d
packagemanifests-v1-edit                                               20d
packagemanifests-v1-view                                               20d
perconaservermongodbbackups.psmdb.percona.com-v1-admin                 13d
perconaservermongodbbackups.psmdb.percona.com-v1-crdview               13d
perconaservermongodbbackups.psmdb.percona.com-v1-edit                  13d
perconaservermongodbbackups.psmdb.percona.com-v1-view                  13d
perconaservermongodbrestores.psmdb.percona.com-v1-admin                13d
perconaservermongodbrestores.psmdb.percona.com-v1-crdview              13d
perconaservermongodbrestores.psmdb.percona.com-v1-edit                 13d
perconaservermongodbrestores.psmdb.percona.com-v1-view                 13d
perconaservermongodbs.psmdb.percona.com-v1-4-0-admin                   13d
perconaservermongodbs.psmdb.percona.com-v1-4-0-crdview                 13d
perconaservermongodbs.psmdb.percona.com-v1-4-0-edit                    13d
perconaservermongodbs.psmdb.percona.com-v1-4-0-view                    13d
perconaxtradbbackups.pxc.percona.com-v1alpha1-admin                    41d
perconaxtradbbackups.pxc.percona.com-v1alpha1-crdview                  41d
perconaxtradbbackups.pxc.percona.com-v1alpha1-edit                     41d
perconaxtradbbackups.pxc.percona.com-v1alpha1-view                     41d
perconaxtradbclusterbackups.pxc.percona.com-v1-admin                   18h
perconaxtradbclusterbackups.pxc.percona.com-v1-crdview                 18h
perconaxtradbclusterbackups.pxc.percona.com-v1-edit                    18h
perconaxtradbclusterbackups.pxc.percona.com-v1-view                    18h
perconaxtradbclusterrestores.pxc.percona.com-v1-admin                  18h
perconaxtradbclusterrestores.pxc.percona.com-v1-crdview                18h
perconaxtradbclusterrestores.pxc.percona.com-v1-edit                   18h
perconaxtradbclusterrestores.pxc.percona.com-v1-view                   18h
perconaxtradbclusters.pxc.percona.com-v1-5-0-admin                     18h
perconaxtradbclusters.pxc.percona.com-v1-5-0-crdview                   18h
perconaxtradbclusters.pxc.percona.com-v1-5-0-edit                      18h
perconaxtradbclusters.pxc.percona.com-v1-5-0-view                      18h
postgresqls.acid.zalan.do-v1-admin                                     47d
postgresqls.acid.zalan.do-v1-crdview                                   47d
postgresqls.acid.zalan.do-v1-edit                                      47d
postgresqls.acid.zalan.do-v1-view                                      47d
prometheus-adapter-metrics                                             48d
prometheus-adapter-resource-reader                                     48d
prometheus-adapter-server-resources                                    48d
prometheus-operator                                                    48d
psp-kube-prometheus                                                    48d
psp-kube-prometheus-alertmanager                                       48d
psp-kube-prometheus-exporter-kube-state                                48d
psp-kube-prometheus-exporter-node                                      48d
psp-kube-prometheus-grafana                                            48d
psp-prometheus-operator                                                48d
psp:system-privileged                                                  48d
psp:user-restricted                                                    48d
rabbitmq-cluster-operator.v0.8.0-lsqtc                                 19d
rabbitmqclusters.rabbitmq.com-v1beta1-admin                            38d
rabbitmqclusters.rabbitmq.com-v1beta1-crdview                          38d
rabbitmqclusters.rabbitmq.com-v1beta1-edit                             38d
rabbitmqclusters.rabbitmq.com-v1beta1-view                             38d
redis-ctcpq-admin                                                      13d
redis-ctcpq-edit                                                       13d
redis-ctcpq-view                                                       13d
redis-installer                                                        3d19h
redis-operator.v0.3.0-9mmm5                                            2d16h
redis.redis.opstreelabs.in-v1alpha1-admin                              12d
redis.redis.opstreelabs.in-v1alpha1-crdview                            12d
redis.redis.opstreelabs.in-v1alpha1-edit                               12d
redis.redis.opstreelabs.in-v1alpha1-view                               12d
redisfailovers.databases.spotahome.com-v1-admin                        12d
redisfailovers.databases.spotahome.com-v1-crdview                      12d
redisfailovers.databases.spotahome.com-v1-edit                         12d
redisfailovers.databases.spotahome.com-v1-view                         12d
strimzi-cluster-operator.v0.18.0-6jbmk                                 3m27s
strimzi-entity-operator                                                26d
strimzi-kafka-broker                                                   26d
system:aggregate-to-admin                                              48d
system:aggregate-to-edit                                               48d
system:aggregate-to-view                                               48d
system:auth-delegator                                                  48d
system:basic-user                                                      48d
system:certificates.k8s.io:certificatesigningrequests:nodeclient       48d
system:certificates.k8s.io:certificatesigningrequests:selfnodeclient   48d
system:controller:attachdetach-controller                              48d
system:controller:certificate-controller                               48d
system:controller:clusterrole-aggregation-controller                   48d
system:controller:cronjob-controller                                   48d
system:controller:daemon-set-controller                                48d
system:controller:deployment-controller                                48d
system:controller:disruption-controller                                48d
system:controller:endpoint-controller                                  48d
system:controller:expand-controller                                    48d
system:controller:generic-garbage-collector                            48d
system:controller:horizontal-pod-autoscaler                            48d
system:controller:job-controller                                       48d
system:controller:namespace-controller                                 48d
system:controller:node-controller                                      48d
system:controller:operator-lifecycle-manager                           20d
system:controller:persistent-volume-binder                             48d
system:controller:pod-garbage-collector                                48d
system:controller:pv-protection-controller                             48d
system:controller:pvc-protection-controller                            48d
system:controller:replicaset-controller                                48d
system:controller:replication-controller                               48d
system:controller:resourcequota-controller                             48d
system:controller:route-controller                                     48d
system:controller:service-account-controller                           48d
system:controller:service-controller                                   48d
system:controller:statefulset-controller                               48d
system:controller:ttl-controller                                       48d
system:coredns                                                         48d
system:csi-external-attacher                                           48d
system:csi-external-provisioner                                        48d
system:discovery                                                       48d
system:heapster                                                        48d
system:kube-aggregator                                                 48d
system:kube-controller-manager                                         48d
system:kube-dns                                                        48d
system:kube-scheduler                                                  48d
system:kubelet-api-admin                                               48d
system:node                                                            48d
system:node-bootstrapper                                               48d
system:node-problem-detector                                           48d
system:node-proxier                                                    48d
system:persistent-volume-provisioner                                   48d
system:public-info-viewer                                              48d
system:volume-scheduler                                                48d
tdsql-operator                                                         45d
tke-9lfmr-admin                                                        19d
tke-9lfmr-edit                                                         19d
tke-9lfmr-view                                                         19d
view                                                                   48d
zlc-j5t7x-admin                                                        14d
zlc-j5t7x-edit                                                         14d
zlc-j5t7x-view                                                         14d
zxl-mongodb-6ktql-admin                                                13d
zxl-mongodb-6ktql-edit                                                 13d
zxl-mongodb-6ktql-view                                                 13d

kubectl get -n kafka rolebindings
NAME                                                              AGE
strimzi-cluster-operator.v0.18.0-5d4db-strimzi-cluster-opeczh7s   3m27s

kubectl get -n kafka roles
NAME                                     AGE
strimzi-cluster-operator.v0.18.0-5d4db   3m27s

kubectl get -n kafka redis

kubectl get -n kafka priorityclasses
NAME                      VALUE        GLOBAL-DEFAULT   AGE
system-cluster-critical   2000000000   false            48d
system-node-critical      2000001000   false            48d

kubectl get -n kafka csidrivers

kubectl get -n kafka csinodes

kubectl get -n kafka storageclasses
NAME                PROVISIONER             AGE
intceph (default)   ceph.com/cephfs         28d
local-path          rancher.io/local-path   41d

kubectl get -n kafka volumeattachments

kubectl get -n kafka accounts

kubectl get -n kafka clusteraccounts
NAME                  AGE
zlc-zlc               45d
zlc-zz                40d
zlcdis-chaos1ee       21d
zlcdis-d              17d
zlcdis-generate123    40d
zlcdis-haoli          17d
zlcdis-haoli123       40d
zlcdis-iamyou         27d
zlcdis-kkls           17d
zlcdis-label-test     28d
zlcdis-lihao          21d
zlcdis-lihao-scope    28d
zlcdis-lihao12        28d
zlcdis-lihao12312     32d
zlcdis-lihao123124    40d
zlcdis-liwei          20d
zlcdis-lorem1231      33d
zlcdis-new-account    20d
zlcdis-new-account2   17d
zlcdis-scope-foo      28d
zlcdis-scope-test     28d
zlcdis-scope-test2    28d
zlcdis-secrettest     33d
zlcdis-test-123124    17d
zlcdis-test-label     28d
zlcdis-test-scope     28d
zlcdis-test123        40d
zlcdis-zlc            17d
zlclvs-fdl            17d
zlclvs-rrr            17d
zlclvs-zlc            17d

kubectl get -n kafka instancebindings

kubectl get -n kafka instances
NAME        AGE
example     20d
lvs-debug   20d
zlc         45d
zlcdis      45d
zlclvs      42d

kubectl get -n kafka requests
NAME                   AGE
zlcdis-1598610965544   45d
zlcdis-1598839332362   43d
zlcdis-1598839369960   43d

kubectl get -n kafka cronhpas

kubectl get -n kafka tracejobreports

kubectl get -n kafka tracejobs
NAME           AGE
built-in-job   48d

kubectl get -n kafka mutations

kubectl get -n kafka validations

